Archive member included because of file (symbol)

/usr/local/Cellar/gcc-arm-none-eabi/20150925/bin/../lib/gcc/arm-none-eabi/4.9.3/../../../../arm-none-eabi/lib/armv7e-m/fpu/libc_nano.a(lib_a-exit.o)
                              /usr/local/Cellar/gcc-arm-none-eabi/20150925/bin/../lib/gcc/arm-none-eabi/4.9.3/../../../../arm-none-eabi/lib/armv7e-m/fpu/crt0.o (exit)
/usr/local/Cellar/gcc-arm-none-eabi/20150925/bin/../lib/gcc/arm-none-eabi/4.9.3/../../../../arm-none-eabi/lib/armv7e-m/fpu/libc_nano.a(lib_a-impure.o)
                              /usr/local/Cellar/gcc-arm-none-eabi/20150925/bin/../lib/gcc/arm-none-eabi/4.9.3/../../../../arm-none-eabi/lib/armv7e-m/fpu/libc_nano.a(lib_a-exit.o) (_global_impure_ptr)
/usr/local/Cellar/gcc-arm-none-eabi/20150925/bin/../lib/gcc/arm-none-eabi/4.9.3/../../../../arm-none-eabi/lib/armv7e-m/fpu/libc_nano.a(lib_a-init.o)
                              /usr/local/Cellar/gcc-arm-none-eabi/20150925/bin/../lib/gcc/arm-none-eabi/4.9.3/../../../../arm-none-eabi/lib/armv7e-m/fpu/crt0.o (__libc_init_array)
/usr/local/Cellar/gcc-arm-none-eabi/20150925/bin/../lib/gcc/arm-none-eabi/4.9.3/../../../../arm-none-eabi/lib/armv7e-m/fpu/libc_nano.a(lib_a-memset.o)
                              /usr/local/Cellar/gcc-arm-none-eabi/20150925/bin/../lib/gcc/arm-none-eabi/4.9.3/../../../../arm-none-eabi/lib/armv7e-m/fpu/crt0.o (memset)

Discarded input sections

 .text          0x0000000000000000        0x0 /usr/local/Cellar/gcc-arm-none-eabi/20150925/bin/../lib/gcc/arm-none-eabi/4.9.3/armv7e-m/fpu/crti.o
 .data          0x0000000000000000        0x0 /usr/local/Cellar/gcc-arm-none-eabi/20150925/bin/../lib/gcc/arm-none-eabi/4.9.3/armv7e-m/fpu/crti.o
 .bss           0x0000000000000000        0x0 /usr/local/Cellar/gcc-arm-none-eabi/20150925/bin/../lib/gcc/arm-none-eabi/4.9.3/armv7e-m/fpu/crti.o
 .data          0x0000000000000000        0x4 /usr/local/Cellar/gcc-arm-none-eabi/20150925/bin/../lib/gcc/arm-none-eabi/4.9.3/armv7e-m/fpu/crtbegin.o
 .text          0x0000000000000000       0x74 /usr/local/Cellar/gcc-arm-none-eabi/20150925/bin/../lib/gcc/arm-none-eabi/4.9.3/../../../../arm-none-eabi/lib/armv7e-m/fpu/crt0.o
 .data          0x0000000000000000        0x0 /usr/local/Cellar/gcc-arm-none-eabi/20150925/bin/../lib/gcc/arm-none-eabi/4.9.3/../../../../arm-none-eabi/lib/armv7e-m/fpu/crt0.o
 .bss           0x0000000000000000        0x0 /usr/local/Cellar/gcc-arm-none-eabi/20150925/bin/../lib/gcc/arm-none-eabi/4.9.3/../../../../arm-none-eabi/lib/armv7e-m/fpu/crt0.o
 .ARM.extab     0x0000000000000000        0x0 /usr/local/Cellar/gcc-arm-none-eabi/20150925/bin/../lib/gcc/arm-none-eabi/4.9.3/../../../../arm-none-eabi/lib/armv7e-m/fpu/crt0.o
 .ARM.exidx     0x0000000000000000        0x8 /usr/local/Cellar/gcc-arm-none-eabi/20150925/bin/../lib/gcc/arm-none-eabi/4.9.3/../../../../arm-none-eabi/lib/armv7e-m/fpu/crt0.o
 .ARM.attributes
                0x0000000000000000       0x20 /usr/local/Cellar/gcc-arm-none-eabi/20150925/bin/../lib/gcc/arm-none-eabi/4.9.3/../../../../arm-none-eabi/lib/armv7e-m/fpu/crt0.o
 .group         0x0000000000000000        0x8 build/main.o
 .group         0x0000000000000000        0x8 build/main.o
 .group         0x0000000000000000        0x8 build/main.o
 .group         0x0000000000000000        0x8 build/main.o
 .group         0x0000000000000000        0x8 build/main.o
 .group         0x0000000000000000        0x8 build/main.o
 .group         0x0000000000000000        0x8 build/main.o
 .group         0x0000000000000000        0x8 build/main.o
 .group         0x0000000000000000        0x8 build/main.o
 .group         0x0000000000000000        0x8 build/main.o
 .group         0x0000000000000000        0x8 build/main.o
 .group         0x0000000000000000        0x8 build/main.o
 .group         0x0000000000000000        0x8 build/main.o
 .group         0x0000000000000000        0x8 build/main.o
 .group         0x0000000000000000        0x8 build/main.o
 .group         0x0000000000000000        0x8 build/main.o
 .group         0x0000000000000000        0x8 build/main.o
 .group         0x0000000000000000        0x8 build/main.o
 .group         0x0000000000000000        0x8 build/main.o
 .group         0x0000000000000000        0x8 build/main.o
 .group         0x0000000000000000        0x8 build/main.o
 .group         0x0000000000000000        0x8 build/main.o
 .group         0x0000000000000000        0x8 build/main.o
 .group         0x0000000000000000        0x8 build/main.o
 .group         0x0000000000000000        0x8 build/main.o
 .group         0x0000000000000000        0x8 build/main.o
 .group         0x0000000000000000        0x8 build/main.o
 .group         0x0000000000000000        0x8 build/main.o
 .group         0x0000000000000000        0x8 build/main.o
 .group         0x0000000000000000        0x8 build/main.o
 .group         0x0000000000000000        0x8 build/main.o
 .group         0x0000000000000000        0x8 build/main.o
[...]
Memory Configuration

Name             Origin             Length             Attributes
FLASH            0x0000000008000000 0x0000000000100000 xr
RAM              0x0000000020000000 0x0000000000020000 xrw
*default*        0x0000000000000000 0xffffffffffffffff

Linker script and memory map

LOAD /usr/local/Cellar/gcc-arm-none-eabi/20150925/bin/../lib/gcc/arm-none-eabi/4.9.3/armv7e-m/fpu/crti.o
LOAD /usr/local/Cellar/gcc-arm-none-eabi/20150925/bin/../lib/gcc/arm-none-eabi/4.9.3/armv7e-m/fpu/crtbegin.o
LOAD /usr/local/Cellar/gcc-arm-none-eabi/20150925/bin/../lib/gcc/arm-none-eabi/4.9.3/../../../../arm-none-eabi/lib/armv7e-m/fpu/crt0.o
LOAD build/main.o
LOAD build/system_stm32f4xx.o
LOAD build/misc.o
LOAD build/stm32f4xx_adc.o
LOAD build/stm32f4xx_can.o
LOAD build/stm32f4xx_crc.o
LOAD build/stm32f4xx_cryp.o
LOAD build/stm32f4xx_cryp_aes.o
LOAD build/stm32f4xx_cryp_des.o
LOAD build/stm32f4xx_cryp_tdes.o
LOAD build/stm32f4xx_dac.o
LOAD build/stm32f4xx_dbgmcu.o
LOAD build/stm32f4xx_dcmi.o
LOAD build/stm32f4xx_dma.o
LOAD build/stm32f4xx_exti.o
LOAD build/stm32f4xx_flash.o
LOAD build/stm32f4xx_fsmc.o
LOAD build/stm32f4xx_gpio.o
LOAD build/stm32f4xx_hash.o
LOAD build/stm32f4xx_hash_md5.o
LOAD build/stm32f4xx_hash_sha1.o
LOAD build/stm32f4xx_i2c.o
LOAD build/stm32f4xx_iwdg.o
LOAD build/stm32f4xx_pwr.o
LOAD build/stm32f4xx_rcc.o
LOAD build/stm32f4xx_rng.o
LOAD build/stm32f4xx_rtc.o
LOAD build/stm32f4xx_sdio.o
LOAD build/stm32f4xx_spi.o
LOAD build/stm32f4xx_syscfg.o
LOAD build/stm32f4xx_tim.o
LOAD build/stm32f4xx_usart.o
LOAD build/stm32f4xx_wwdg.o
LOAD build/startup_stm32f40xx.o
LOAD /usr/local/Cellar/gcc-arm-none-eabi/20150925/bin/../lib/gcc/arm-none-eabi/4.9.3/../../../../arm-none-eabi/lib/armv7e-m/fpu/libm.a
START GROUP
LOAD /usr/local/Cellar/gcc-arm-none-eabi/20150925/bin/../lib/gcc/arm-none-eabi/4.9.3/armv7e-m/fpu/libgcc.a
LOAD /usr/local/Cellar/gcc-arm-none-eabi/20150925/bin/../lib/gcc/arm-none-eabi/4.9.3/../../../../arm-none-eabi/lib/armv7e-m/fpu/libc_nano.a
END GROUP
START GROUP
LOAD /usr/local/Cellar/gcc-arm-none-eabi/20150925/bin/../lib/gcc/arm-none-eabi/4.9.3/armv7e-m/fpu/libgcc.a
LOAD /usr/local/Cellar/gcc-arm-none-eabi/20150925/bin/../lib/gcc/arm-none-eabi/4.9.3/../../../../arm-none-eabi/lib/armv7e-m/fpu/libc_nano.a
END GROUP
LOAD /usr/local/Cellar/gcc-arm-none-eabi/20150925/bin/../lib/gcc/arm-none-eabi/4.9.3/armv7e-m/fpu/crtend.o
LOAD /usr/local/Cellar/gcc-arm-none-eabi/20150925/bin/../lib/gcc/arm-none-eabi/4.9.3/armv7e-m/fpu/crtn.o
                0x0000000010010000                _estack = 0x10010000

.isr_vector     0x0000000008000000      0x188
                0x0000000008000000                . = ALIGN (0x4)
 *(.isr_vector)
 .isr_vector    0x0000000008000000      0x188 build/startup_stm32f40xx.o
                0x0000000008000000                g_pfnVectors
                0x0000000008000188                . = ALIGN (0x4)

.text           0x0000000008000188      0x268
                0x0000000008000188                . = ALIGN (0x4)
 *(.text)
 .text          0x0000000008000188       0x5c /usr/local/Cellar/gcc-arm-none-eabi/20150925/bin/../lib/gcc/arm-none-eabi/4.9.3/armv7e-m/fpu/crtbegin.o
 *(.text*)
 .text.startup.main
                0x00000000080001e4       0x38 build/main.o
                0x00000000080001e4                main
 .text.SystemInit
                0x000000000800021c       0xec build/system_stm32f4xx.o
                0x000000000800021c                SystemInit
 .text.GPIO_Init
                0x0000000008000308       0x6c build/stm32f4xx_gpio.o
                0x0000000008000308                GPIO_Init
 .text.GPIO_ResetBits
                0x0000000008000374        0x4 build/stm32f4xx_gpio.o
                0x0000000008000374                GPIO_ResetBits
 .text.RCC_AHB1PeriphClockCmd
                0x0000000008000378       0x18 build/stm32f4xx_rcc.o
                0x0000000008000378                RCC_AHB1PeriphClockCmd
 .text.Reset_Handler
                0x0000000008000390       0x44 build/startup_stm32f40xx.o
                0x0000000008000390                Reset_Handler
 .text.Default_Handler
                0x00000000080003d4        0x2 build/startup_stm32f40xx.o
                0x00000000080003d4                DMA1_Stream3_IRQHandler
                0x00000000080003d4                HASH_RNG_IRQHandler
                0x00000000080003d4                EXTI2_IRQHandler
                0x00000000080003d4                TIM8_CC_IRQHandler
                0x00000000080003d4                DebugMon_Handler
                0x00000000080003d4                TIM1_CC_IRQHandler
                0x00000000080003d4                DMA2_Stream5_IRQHandler
                0x00000000080003d4                HardFault_Handler
                0x00000000080003d4                DMA1_Stream5_IRQHandler
                0x00000000080003d4                SysTick_Handler
                0x00000000080003d4                PVD_IRQHandler
                0x00000000080003d4                SDIO_IRQHandler
                0x00000000080003d4                TAMP_STAMP_IRQHandler
                0x00000000080003d4                PendSV_Handler
                0x00000000080003d4                NMI_Handler
                0x00000000080003d4                CAN2_RX1_IRQHandler
                0x00000000080003d4                EXTI3_IRQHandler
                0x00000000080003d4                TIM8_TRG_COM_TIM14_IRQHandler
                0x00000000080003d4                TIM1_UP_TIM10_IRQHandler
                0x00000000080003d4                TIM8_UP_TIM13_IRQHandler
                0x00000000080003d4                I2C3_ER_IRQHandler
                0x00000000080003d4                EXTI0_IRQHandler
                0x00000000080003d4                I2C2_EV_IRQHandler
                0x00000000080003d4                DMA1_Stream2_IRQHandler
                0x00000000080003d4                CAN1_RX0_IRQHandler
                0x00000000080003d4                FPU_IRQHandler
                0x00000000080003d4                OTG_HS_WKUP_IRQHandler
                0x00000000080003d4                UsageFault_Handler
                0x00000000080003d4                CAN2_SCE_IRQHandler
                0x00000000080003d4                DMA2_Stream2_IRQHandler
                0x00000000080003d4                SPI1_IRQHandler
                0x00000000080003d4                TIM6_DAC_IRQHandler
                0x00000000080003d4                TIM1_BRK_TIM9_IRQHandler
                0x00000000080003d4                DCMI_IRQHandler
                0x00000000080003d4                CAN2_RX0_IRQHandler
                0x00000000080003d4                DMA2_Stream3_IRQHandler
                0x00000000080003d4                USART6_IRQHandler
                0x00000000080003d4                USART3_IRQHandler
                0x00000000080003d4                CRYP_IRQHandler
                0x00000000080003d4                CAN1_RX1_IRQHandler
                0x00000000080003d4                UART5_IRQHandler
                0x00000000080003d4                DMA2_Stream0_IRQHandler
                0x00000000080003d4                TIM4_IRQHandler
                0x00000000080003d4                I2C1_EV_IRQHandler
                0x00000000080003d4                DMA1_Stream6_IRQHandler
                0x00000000080003d4                DMA1_Stream1_IRQHandler
                0x00000000080003d4                UART4_IRQHandler
                0x00000000080003d4                TIM3_IRQHandler
                0x00000000080003d4                RCC_IRQHandler
                0x00000000080003d4                TIM8_BRK_TIM12_IRQHandler
                0x00000000080003d4                Default_Handler
                0x00000000080003d4                EXTI15_10_IRQHandler
                0x00000000080003d4                ADC_IRQHandler
                0x00000000080003d4                DMA1_Stream7_IRQHandler
                0x00000000080003d4                TIM7_IRQHandler
                0x00000000080003d4                CAN2_TX_IRQHandler
                0x00000000080003d4                TIM5_IRQHandler
                0x00000000080003d4                DMA2_Stream7_IRQHandler
                0x00000000080003d4                I2C3_EV_IRQHandler
                0x00000000080003d4                EXTI9_5_IRQHandler
                0x00000000080003d4                RTC_WKUP_IRQHandler
                0x00000000080003d4                ETH_WKUP_IRQHandler
                0x00000000080003d4                SPI2_IRQHandler
                0x00000000080003d4                OTG_HS_EP1_IN_IRQHandler
                0x00000000080003d4                MemManage_Handler
                0x00000000080003d4                DMA1_Stream0_IRQHandler
                0x00000000080003d4                CAN1_TX_IRQHandler
                0x00000000080003d4                SVC_Handler
                0x00000000080003d4                EXTI4_IRQHandler
                0x00000000080003d4                FSMC_IRQHandler
                0x00000000080003d4                ETH_IRQHandler
                0x00000000080003d4                OTG_HS_EP1_OUT_IRQHandler
                0x00000000080003d4                WWDG_IRQHandler
                0x00000000080003d4                TIM2_IRQHandler
                0x00000000080003d4                OTG_FS_WKUP_IRQHandler
                0x00000000080003d4                TIM1_TRG_COM_TIM11_IRQHandler
                0x00000000080003d4                OTG_HS_IRQHandler
                0x00000000080003d4                EXTI1_IRQHandler
                0x00000000080003d4                USART2_IRQHandler
                0x00000000080003d4                I2C2_ER_IRQHandler
                0x00000000080003d4                DMA2_Stream1_IRQHandler
                0x00000000080003d4                CAN1_SCE_IRQHandler
                0x00000000080003d4                FLASH_IRQHandler
                0x00000000080003d4                DMA2_Stream4_IRQHandler
                0x00000000080003d4                BusFault_Handler
                0x00000000080003d4                USART1_IRQHandler
                0x00000000080003d4                OTG_FS_IRQHandler
                0x00000000080003d4                SPI3_IRQHandler
                0x00000000080003d4                DMA1_Stream4_IRQHandler
                0x00000000080003d4                I2C1_ER_IRQHandler
                0x00000000080003d4                DMA2_Stream6_IRQHandler
                0x00000000080003d4                RTC_Alarm_IRQHandler
 *(.rodata)
 *(.rodata*)
 *(.glue_7)
 .glue_7        0x0000000000000000        0x0 linker stubs
 *(.glue_7t)
 .glue_7t       0x0000000000000000        0x0 linker stubs
 *(.eh_frame)
 *fill*         0x00000000080003d6        0x2 
 .eh_frame      0x00000000080003d8        0x0 /usr/local/Cellar/gcc-arm-none-eabi/20150925/bin/../lib/gcc/arm-none-eabi/4.9.3/armv7e-m/fpu/crtbegin.o
 *(.init)
 .init          0x00000000080003d8        0x4 /usr/local/Cellar/gcc-arm-none-eabi/20150925/bin/../lib/gcc/arm-none-eabi/4.9.3/armv7e-m/fpu/crti.o
                0x00000000080003d8                _init
 .init          0x00000000080003dc        0x8 /usr/local/Cellar/gcc-arm-none-eabi/20150925/bin/../lib/gcc/arm-none-eabi/4.9.3/armv7e-m/fpu/crtn.o
 *(.fini)
 .fini          0x00000000080003e4        0x4 /usr/local/Cellar/gcc-arm-none-eabi/20150925/bin/../lib/gcc/arm-none-eabi/4.9.3/armv7e-m/fpu/crti.o
                0x00000000080003e4                _fini
 .fini          0x00000000080003e8        0x8 /usr/local/Cellar/gcc-arm-none-eabi/20150925/bin/../lib/gcc/arm-none-eabi/4.9.3/armv7e-m/fpu/crtn.o
                0x00000000080003f0                . = ALIGN (0x4)
                0x00000000080003f0                _etext = .
                0x00000000080003f0                _exit = .

.vfp11_veneer   0x00000000080003f0        0x0
 .vfp11_veneer  0x0000000000000000        0x0 linker stubs

.v4_bx          0x00000000080003f0        0x0
 .v4_bx         0x0000000000000000        0x0 linker stubs

.iplt           0x00000000080003f0        0x0
 .iplt          0x0000000000000000        0x0 /usr/local/Cellar/gcc-arm-none-eabi/20150925/bin/../lib/gcc/arm-none-eabi/4.9.3/armv7e-m/fpu/crtbegin.o

.rel.dyn        0x00000000080003f0        0x0
 .rel.iplt      0x0000000000000000        0x0 /usr/local/Cellar/gcc-arm-none-eabi/20150925/bin/../lib/gcc/arm-none-eabi/4.9.3/armv7e-m/fpu/crtbegin.o

.ARM.extab
 *(.ARM.extab* .gnu.linkonce.armextab.*)

.ARM            0x00000000080003f0        0x0
                0x00000000080003f0                __exidx_start = .
 *(.ARM.exidx*)
                0x00000000080003f0                __exidx_end = .

.preinit_array  0x00000000080003f0        0x0
                0x00000000080003f0                PROVIDE (__preinit_array_start, .)
 *(.preinit_array*)
                0x00000000080003f0                PROVIDE (__preinit_array_end, .)

.init_array     0x00000000080003f0        0x4
                0x00000000080003f0                PROVIDE (__init_array_start, .)
 *(SORT(.init_array.*))
 *(.init_array*)
 .init_array    0x00000000080003f0        0x4 /usr/local/Cellar/gcc-arm-none-eabi/20150925/bin/../lib/gcc/arm-none-eabi/4.9.3/armv7e-m/fpu/crtbegin.o
                0x00000000080003f4                PROVIDE (__init_array_end, .)

.fini_array     0x00000000080003f4        0x4
                0x00000000080003f4                PROVIDE (__fini_array_start, .)
 *(.fini_array*)
 .fini_array    0x00000000080003f4        0x4 /usr/local/Cellar/gcc-arm-none-eabi/20150925/bin/../lib/gcc/arm-none-eabi/4.9.3/armv7e-m/fpu/crtbegin.o
 *(SORT(.fini_array.*))
                0x00000000080003f8                PROVIDE (__fini_array_end, .)
                0x00000000080003f8                _sidata = .

.data           0x0000000020000000        0x0 load address 0x00000000080003f8
                0x0000000020000000                . = ALIGN (0x4)
                0x0000000020000000                _sdata = .
 *(.data)
 *(.data*)
                0x0000000020000000                . = ALIGN (0x4)
                0x0000000020000000                _edata = .

.jcr            0x0000000020000000        0x0
 .jcr           0x0000000020000000        0x0 /usr/local/Cellar/gcc-arm-none-eabi/20150925/bin/../lib/gcc/arm-none-eabi/4.9.3/armv7e-m/fpu/crtbegin.o

.igot.plt       0x0000000020000000        0x0
 .igot.plt      0x0000000000000000        0x0 /usr/local/Cellar/gcc-arm-none-eabi/20150925/bin/../lib/gcc/arm-none-eabi/4.9.3/armv7e-m/fpu/crtbegin.o
                0x0000000020000000                . = ALIGN (0x4)

.bss            0x0000000020000000       0x1c
                0x0000000020000000                _sbss = .
                0x0000000020000000                __bss_start__ = _sbss
 *(.bss)
 .bss           0x0000000020000000       0x1c /usr/local/Cellar/gcc-arm-none-eabi/20150925/bin/../lib/gcc/arm-none-eabi/4.9.3/armv7e-m/fpu/crtbegin.o
 *(.bss*)
 *(COMMON)
                0x000000002000001c                . = ALIGN (0x4)
                0x000000002000001c                _ebss = .
                0x000000002000001c                __bss_end__ = _ebss

/DISCARD/
 libc.a(*)
 libm.a(*)
 libgcc.a(*)

.ARM.attributes
                0x0000000000000000       0x30
 *(.ARM.attributes)
 .ARM.attributes
                0x0000000000000000       0x22 /usr/local/Cellar/gcc-arm-none-eabi/20150925/bin/../lib/gcc/arm-none-eabi/4.9.3/armv7e-m/fpu/crti.o
 .ARM.attributes
                0x0000000000000022       0x34 /usr/local/Cellar/gcc-arm-none-eabi/20150925/bin/../lib/gcc/arm-none-eabi/4.9.3/armv7e-m/fpu/crtbegin.o
 .ARM.attributes
                0x0000000000000056       0x39 build/main.o
 .ARM.attributes
                0x000000000000008f       0x39 build/system_stm32f4xx.o
 .ARM.attributes
                0x00000000000000c8       0x39 build/stm32f4xx_gpio.o
 .ARM.attributes
                0x0000000000000101       0x39 build/stm32f4xx_rcc.o
 .ARM.attributes
                0x000000000000013a       0x21 build/startup_stm32f40xx.o
 .ARM.attributes
                0x000000000000015b       0x22 /usr/local/Cellar/gcc-arm-none-eabi/20150925/bin/../lib/gcc/arm-none-eabi/4.9.3/armv7e-m/fpu/crtn.o
OUTPUT(main.elf elf32-littlearm)

.debug_info     0x0000000000000000     0x1cb1
 .debug_info    0x0000000000000000      0x354 build/main.o
 .debug_info    0x0000000000000354      0x5b5 build/system_stm32f4xx.o
 .debug_info    0x0000000000000909      0x714 build/stm32f4xx_gpio.o
 .debug_info    0x000000000000101d      0xc94 build/stm32f4xx_rcc.o

.debug_abbrev   0x0000000000000000      0x69f
 .debug_abbrev  0x0000000000000000      0x15e build/main.o
 .debug_abbrev  0x000000000000015e      0x148 build/system_stm32f4xx.o
 .debug_abbrev  0x00000000000002a6      0x1eb build/stm32f4xx_gpio.o
 .debug_abbrev  0x0000000000000491      0x20e build/stm32f4xx_rcc.o

.debug_aranges  0x0000000000000000      0x248
 .debug_aranges
                0x0000000000000000       0x20 build/main.o
 .debug_aranges
                0x0000000000000020       0x28 build/system_stm32f4xx.o
 .debug_aranges
                0x0000000000000048       0x88 build/stm32f4xx_gpio.o
 .debug_aranges
                0x00000000000000d0      0x178 build/stm32f4xx_rcc.o

.debug_ranges   0x0000000000000000      0x220
 .debug_ranges  0x0000000000000000       0x10 build/main.o
 .debug_ranges  0x0000000000000010       0x30 build/system_stm32f4xx.o
 .debug_ranges  0x0000000000000040       0x78 build/stm32f4xx_gpio.o
 .debug_ranges  0x00000000000000b8      0x168 build/stm32f4xx_rcc.o

.debug_macro    0x0000000000000000     0xdf39
 .debug_macro   0x0000000000000000      0x1b8 build/main.o
 .debug_macro   0x00000000000001b8      0x8aa build/main.o
 .debug_macro   0x0000000000000a62       0x16 build/main.o
 .debug_macro   0x0000000000000a78       0x50 build/main.o
 .debug_macro   0x0000000000000ac8       0x35 build/main.o
 .debug_macro   0x0000000000000afd       0x22 build/main.o
 .debug_macro   0x0000000000000b1f       0x44 build/main.o
 .debug_macro   0x0000000000000b63       0xe3 build/main.o
 .debug_macro   0x0000000000000c46       0x22 build/main.o
 .debug_macro   0x0000000000000c68      0x1df build/main.o
 .debug_macro   0x0000000000000e47       0x18 build/main.o
 .debug_macro   0x0000000000000e5f       0x42 build/main.o
 .debug_macro   0x0000000000000ea1      0x8cb build/main.o
 .debug_macro   0x000000000000176c     0x8057 build/main.o
 .debug_macro   0x00000000000097c3       0x35 build/main.o
 .debug_macro   0x00000000000097f8      0x44e build/main.o
 .debug_macro   0x0000000000009c46      0x3cf build/main.o
 .debug_macro   0x000000000000a015      0x111 build/main.o
 .debug_macro   0x000000000000a126      0x182 build/main.o
 .debug_macro   0x000000000000a2a8       0xb2 build/main.o
 .debug_macro   0x000000000000a35a      0x146 build/main.o
 .debug_macro   0x000000000000a4a0      0x477 build/main.o
 .debug_macro   0x000000000000a917       0xac build/main.o
 .debug_macro   0x000000000000a9c3      0x241 build/main.o
 .debug_macro   0x000000000000ac04      0x279 build/main.o
 .debug_macro   0x000000000000ae7d       0xb5 build/main.o
 .debug_macro   0x000000000000af32      0x265 build/main.o
 .debug_macro   0x000000000000b197      0x2b1 build/main.o
 .debug_macro   0x000000000000b448       0x64 build/main.o
 .debug_macro   0x000000000000b4ac       0xa6 build/main.o
 .debug_macro   0x000000000000b552      0x538 build/main.o
 .debug_macro   0x000000000000ba8a       0x40 build/main.o
 .debug_macro   0x000000000000baca      0x57a build/main.o
 .debug_macro   0x000000000000c044      0x341 build/main.o
 .debug_macro   0x000000000000c385      0x36a build/main.o
 .debug_macro   0x000000000000c6ef       0xdf build/main.o
 .debug_macro   0x000000000000c7ce      0x73b build/main.o
 .debug_macro   0x000000000000cf09      0x220 build/main.o
 .debug_macro   0x000000000000d129       0x34 build/main.o
 .debug_macro   0x000000000000d15d       0x7f build/main.o
 .debug_macro   0x000000000000d1dc      0x1c4 build/system_stm32f4xx.o
 .debug_macro   0x000000000000d3a0      0x1b0 build/stm32f4xx_gpio.o
 .debug_macro   0x000000000000d550      0x25f build/stm32f4xx_gpio.o
 .debug_macro   0x000000000000d7af      0x258 build/stm32f4xx_rcc.o
 .debug_macro   0x000000000000da07      0x532 build/stm32f4xx_rcc.o

.debug_line     0x0000000000000000     0x17cb
 .debug_line    0x0000000000000000      0x4a1 build/main.o
 .debug_line    0x00000000000004a1      0x4ef build/system_stm32f4xx.o
 .debug_line    0x0000000000000990      0x5f3 build/stm32f4xx_gpio.o
 .debug_line    0x0000000000000f83      0x848 build/stm32f4xx_rcc.o

.debug_str      0x0000000000000000    0x56a17
 .debug_str     0x0000000000000000    0x55c31 build/main.o
                                      0x55ddc (size before relaxing)
 .debug_str     0x0000000000055c31      0x23c build/system_stm32f4xx.o
                                      0x55dfa (size before relaxing)
 .debug_str     0x0000000000055e6d      0x19b build/stm32f4xx_gpio.o
                                      0x55f02 (size before relaxing)
 .debug_str     0x0000000000056008      0xa0f build/stm32f4xx_rcc.o
                                      0x5675c (size before relaxing)

.comment        0x0000000000000000       0x70
 .comment       0x0000000000000000       0x70 build/main.o
                                         0x71 (size before relaxing)
 .comment       0x0000000000000000       0x71 build/system_stm32f4xx.o
 .comment       0x0000000000000000       0x71 build/stm32f4xx_gpio.o
 .comment       0x0000000000000000       0x71 build/stm32f4xx_rcc.o

.debug_frame    0x0000000000000000      0x46c
 .debug_frame   0x0000000000000000       0x28 build/main.o
 .debug_frame   0x0000000000000028       0x3c build/system_stm32f4xx.o
 .debug_frame   0x0000000000000064      0x120 build/stm32f4xx_gpio.o
 .debug_frame   0x0000000000000184      0x2e8 build/stm32f4xx_rcc.o

.debug_loc      0x0000000000000000      0xddc
 .debug_loc     0x0000000000000000       0xc8 build/system_stm32f4xx.o
 .debug_loc     0x00000000000000c8      0x325 build/stm32f4xx_gpio.o
 .debug_loc     0x00000000000003ed      0x9ef build/stm32f4xx_rcc.o

Cross Reference Table

Symbol                                            File
ADC_AnalogWatchdogCmd                             build/stm32f4xx_adc.o
ADC_AnalogWatchdogSingleChannelConfig             build/stm32f4xx_adc.o
ADC_AnalogWatchdogThresholdsConfig                build/stm32f4xx_adc.o
ADC_AutoInjectedConvCmd                           build/stm32f4xx_adc.o
ADC_ClearFlag                                     build/stm32f4xx_adc.o
ADC_ClearITPendingBit                             build/stm32f4xx_adc.o
ADC_Cmd                                           build/stm32f4xx_adc.o
ADC_CommonInit                                    build/stm32f4xx_adc.o
ADC_CommonStructInit                              build/stm32f4xx_adc.o
ADC_ContinuousModeCmd                             build/stm32f4xx_adc.o
ADC_DMACmd                                        build/stm32f4xx_adc.o
ADC_DMARequestAfterLastTransferCmd                build/stm32f4xx_adc.o
ADC_DeInit                                        build/stm32f4xx_adc.o
ADC_DiscModeChannelCountConfig                    build/stm32f4xx_adc.o
ADC_DiscModeCmd                                   build/stm32f4xx_adc.o
ADC_EOCOnEachRegularChannelCmd                    build/stm32f4xx_adc.o
ADC_ExternalTrigInjectedConvConfig                build/stm32f4xx_adc.o
ADC_ExternalTrigInjectedConvEdgeConfig            build/stm32f4xx_adc.o
ADC_GetConversionValue                            build/stm32f4xx_adc.o
ADC_GetFlagStatus                                 build/stm32f4xx_adc.o
ADC_GetITStatus                                   build/stm32f4xx_adc.o
ADC_GetInjectedConversionValue                    build/stm32f4xx_adc.o
ADC_GetMultiModeConversionValue                   build/stm32f4xx_adc.o
ADC_GetSoftwareStartConvStatus                    build/stm32f4xx_adc.o
ADC_GetSoftwareStartInjectedConvCmdStatus         build/stm32f4xx_adc.o
ADC_IRQHandler                                    build/startup_stm32f40xx.o
ADC_ITConfig                                      build/stm32f4xx_adc.o
ADC_Init                                          build/stm32f4xx_adc.o
ADC_InjectedChannelConfig                         build/stm32f4xx_adc.o
ADC_InjectedDiscModeCmd                           build/stm32f4xx_adc.o
ADC_InjectedSequencerLengthConfig                 build/stm32f4xx_adc.o
ADC_MultiModeDMARequestAfterLastTransferCmd       build/stm32f4xx_adc.o
ADC_RegularChannelConfig                          build/stm32f4xx_adc.o
ADC_SetInjectedOffset                             build/stm32f4xx_adc.o
ADC_SoftwareStartConv                             build/stm32f4xx_adc.o
ADC_SoftwareStartInjectedConv                     build/stm32f4xx_adc.o
ADC_StructInit                                    build/stm32f4xx_adc.o
ADC_TempSensorVrefintCmd                          build/stm32f4xx_adc.o
ADC_VBATCmd                                       build/stm32f4xx_adc.o
AHBPrescTable                                     build/system_stm32f4xx.o
BusFault_Handler                                  build/startup_stm32f40xx.o
CAN1_RX0_IRQHandler                               build/startup_stm32f40xx.o
CAN1_RX1_IRQHandler                               build/startup_stm32f40xx.o
CAN1_SCE_IRQHandler                               build/startup_stm32f40xx.o
CAN1_TX_IRQHandler                                build/startup_stm32f40xx.o
CAN2_RX0_IRQHandler                               build/startup_stm32f40xx.o
CAN2_RX1_IRQHandler                               build/startup_stm32f40xx.o
CAN2_SCE_IRQHandler                               build/startup_stm32f40xx.o
CAN2_TX_IRQHandler                                build/startup_stm32f40xx.o
CAN_CancelTransmit                                build/stm32f4xx_can.o
CAN_ClearFlag                                     build/stm32f4xx_can.o
CAN_ClearITPendingBit                             build/stm32f4xx_can.o
CAN_DBGFreeze                                     build/stm32f4xx_can.o
CAN_DeInit                                        build/stm32f4xx_can.o
CAN_FIFORelease                                   build/stm32f4xx_can.o
CAN_FilterInit                                    build/stm32f4xx_can.o
CAN_GetFlagStatus                                 build/stm32f4xx_can.o
CAN_GetITStatus                                   build/stm32f4xx_can.o
CAN_GetLSBTransmitErrorCounter                    build/stm32f4xx_can.o
CAN_GetLastErrorCode                              build/stm32f4xx_can.o
CAN_GetReceiveErrorCounter                        build/stm32f4xx_can.o
CAN_ITConfig                                      build/stm32f4xx_can.o
CAN_Init                                          build/stm32f4xx_can.o
CAN_MessagePending                                build/stm32f4xx_can.o
CAN_OperatingModeRequest                          build/stm32f4xx_can.o
CAN_Receive                                       build/stm32f4xx_can.o
CAN_SlaveStartBank                                build/stm32f4xx_can.o
CAN_Sleep                                         build/stm32f4xx_can.o
CAN_StructInit                                    build/stm32f4xx_can.o
CAN_TTComModeCmd                                  build/stm32f4xx_can.o
CAN_Transmit                                      build/stm32f4xx_can.o
CAN_TransmitStatus                                build/stm32f4xx_can.o
CAN_WakeUp                                        build/stm32f4xx_can.o
CRC_CalcBlockCRC                                  build/stm32f4xx_crc.o
CRC_CalcCRC                                       build/stm32f4xx_crc.o
CRC_GetCRC                                        build/stm32f4xx_crc.o
CRC_GetIDRegister                                 build/stm32f4xx_crc.o
CRC_ResetDR                                       build/stm32f4xx_crc.o
CRC_SetIDRegister                                 build/stm32f4xx_crc.o
CRYP_AES_CBC                                      build/stm32f4xx_cryp_aes.o
CRYP_AES_CTR                                      build/stm32f4xx_cryp_aes.o
CRYP_AES_ECB                                      build/stm32f4xx_cryp_aes.o
CRYP_Cmd                                          build/stm32f4xx_cryp.o
                                                  build/stm32f4xx_cryp_tdes.o
                                                  build/stm32f4xx_cryp_des.o
                                                  build/stm32f4xx_cryp_aes.o
CRYP_DES_CBC                                      build/stm32f4xx_cryp_des.o
CRYP_DES_ECB                                      build/stm32f4xx_cryp_des.o
CRYP_DMACmd                                       build/stm32f4xx_cryp.o
CRYP_DataIn                                       build/stm32f4xx_cryp.o
                                                  build/stm32f4xx_cryp_tdes.o
                                                  build/stm32f4xx_cryp_des.o
                                                  build/stm32f4xx_cryp_aes.o
CRYP_DataOut                                      build/stm32f4xx_cryp.o
                                                  build/stm32f4xx_cryp_tdes.o
                                                  build/stm32f4xx_cryp_des.o
                                                  build/stm32f4xx_cryp_aes.o
CRYP_DeInit                                       build/stm32f4xx_cryp.o
CRYP_FIFOFlush                                    build/stm32f4xx_cryp.o
                                                  build/stm32f4xx_cryp_tdes.o
                                                  build/stm32f4xx_cryp_des.o
                                                  build/stm32f4xx_cryp_aes.o
CRYP_GetFlagStatus                                build/stm32f4xx_cryp.o
                                                  build/stm32f4xx_cryp_tdes.o
                                                  build/stm32f4xx_cryp_des.o
                                                  build/stm32f4xx_cryp_aes.o
CRYP_GetITStatus                                  build/stm32f4xx_cryp.o
CRYP_IRQHandler                                   build/startup_stm32f40xx.o
CRYP_ITConfig                                     build/stm32f4xx_cryp.o
CRYP_IVInit                                       build/stm32f4xx_cryp.o
                                                  build/stm32f4xx_cryp_tdes.o
                                                  build/stm32f4xx_cryp_des.o
                                                  build/stm32f4xx_cryp_aes.o
CRYP_IVStructInit                                 build/stm32f4xx_cryp.o
CRYP_Init                                         build/stm32f4xx_cryp.o
                                                  build/stm32f4xx_cryp_tdes.o
                                                  build/stm32f4xx_cryp_des.o
                                                  build/stm32f4xx_cryp_aes.o
CRYP_KeyInit                                      build/stm32f4xx_cryp.o
                                                  build/stm32f4xx_cryp_tdes.o
                                                  build/stm32f4xx_cryp_des.o
                                                  build/stm32f4xx_cryp_aes.o
CRYP_KeyStructInit                                build/stm32f4xx_cryp.o
                                                  build/stm32f4xx_cryp_tdes.o
                                                  build/stm32f4xx_cryp_des.o
                                                  build/stm32f4xx_cryp_aes.o
CRYP_RestoreContext                               build/stm32f4xx_cryp.o
CRYP_SaveContext                                  build/stm32f4xx_cryp.o
CRYP_StructInit                                   build/stm32f4xx_cryp.o
CRYP_TDES_CBC                                     build/stm32f4xx_cryp_tdes.o
CRYP_TDES_ECB                                     build/stm32f4xx_cryp_tdes.o
DAC_ClearFlag                                     build/stm32f4xx_dac.o
DAC_ClearITPendingBit                             build/stm32f4xx_dac.o
DAC_Cmd                                           build/stm32f4xx_dac.o
DAC_DMACmd                                        build/stm32f4xx_dac.o
DAC_DeInit                                        build/stm32f4xx_dac.o
DAC_DualSoftwareTriggerCmd                        build/stm32f4xx_dac.o
DAC_GetDataOutputValue                            build/stm32f4xx_dac.o
DAC_GetFlagStatus                                 build/stm32f4xx_dac.o
DAC_GetITStatus                                   build/stm32f4xx_dac.o
DAC_ITConfig                                      build/stm32f4xx_dac.o
DAC_Init                                          build/stm32f4xx_dac.o
DAC_SetChannel1Data                               build/stm32f4xx_dac.o
DAC_SetChannel2Data                               build/stm32f4xx_dac.o
DAC_SetDualChannelData                            build/stm32f4xx_dac.o
DAC_SoftwareTriggerCmd                            build/stm32f4xx_dac.o
DAC_StructInit                                    build/stm32f4xx_dac.o
DAC_WaveGenerationCmd                             build/stm32f4xx_dac.o
DBGMCU_APB1PeriphConfig                           build/stm32f4xx_dbgmcu.o
DBGMCU_APB2PeriphConfig                           build/stm32f4xx_dbgmcu.o
DBGMCU_Config                                     build/stm32f4xx_dbgmcu.o
DBGMCU_GetDEVID                                   build/stm32f4xx_dbgmcu.o
DBGMCU_GetREVID                                   build/stm32f4xx_dbgmcu.o
DCMI_CROPCmd                                      build/stm32f4xx_dcmi.o
DCMI_CROPConfig                                   build/stm32f4xx_dcmi.o
DCMI_CaptureCmd                                   build/stm32f4xx_dcmi.o
DCMI_ClearFlag                                    build/stm32f4xx_dcmi.o
DCMI_ClearITPendingBit                            build/stm32f4xx_dcmi.o
DCMI_Cmd                                          build/stm32f4xx_dcmi.o
DCMI_DeInit                                       build/stm32f4xx_dcmi.o
DCMI_GetFlagStatus                                build/stm32f4xx_dcmi.o
DCMI_GetITStatus                                  build/stm32f4xx_dcmi.o
DCMI_IRQHandler                                   build/startup_stm32f40xx.o
DCMI_ITConfig                                     build/stm32f4xx_dcmi.o
DCMI_Init                                         build/stm32f4xx_dcmi.o
DCMI_JPEGCmd                                      build/stm32f4xx_dcmi.o
DCMI_ReadData                                     build/stm32f4xx_dcmi.o
DCMI_SetEmbeddedSynchroCodes                      build/stm32f4xx_dcmi.o
DCMI_StructInit                                   build/stm32f4xx_dcmi.o
DMA1_Stream0_IRQHandler                           build/startup_stm32f40xx.o
DMA1_Stream1_IRQHandler                           build/startup_stm32f40xx.o
DMA1_Stream2_IRQHandler                           build/startup_stm32f40xx.o
DMA1_Stream3_IRQHandler                           build/startup_stm32f40xx.o
DMA1_Stream4_IRQHandler                           build/startup_stm32f40xx.o
DMA1_Stream5_IRQHandler                           build/startup_stm32f40xx.o
DMA1_Stream6_IRQHandler                           build/startup_stm32f40xx.o
DMA1_Stream7_IRQHandler                           build/startup_stm32f40xx.o
DMA2_Stream0_IRQHandler                           build/startup_stm32f40xx.o
DMA2_Stream1_IRQHandler                           build/startup_stm32f40xx.o
DMA2_Stream2_IRQHandler                           build/startup_stm32f40xx.o
DMA2_Stream3_IRQHandler                           build/startup_stm32f40xx.o
DMA2_Stream4_IRQHandler                           build/startup_stm32f40xx.o
DMA2_Stream5_IRQHandler                           build/startup_stm32f40xx.o
DMA2_Stream6_IRQHandler                           build/startup_stm32f40xx.o
DMA2_Stream7_IRQHandler                           build/startup_stm32f40xx.o
DMA_ClearFlag                                     build/stm32f4xx_dma.o
DMA_ClearITPendingBit                             build/stm32f4xx_dma.o
DMA_Cmd                                           build/stm32f4xx_dma.o
DMA_DeInit                                        build/stm32f4xx_dma.o
DMA_DoubleBufferModeCmd                           build/stm32f4xx_dma.o
DMA_DoubleBufferModeConfig                        build/stm32f4xx_dma.o
DMA_FlowControllerConfig                          build/stm32f4xx_dma.o
DMA_GetCmdStatus                                  build/stm32f4xx_dma.o
DMA_GetCurrDataCounter                            build/stm32f4xx_dma.o
DMA_GetCurrentMemoryTarget                        build/stm32f4xx_dma.o
DMA_GetFIFOStatus                                 build/stm32f4xx_dma.o
DMA_GetFlagStatus                                 build/stm32f4xx_dma.o
DMA_GetITStatus                                   build/stm32f4xx_dma.o
DMA_ITConfig                                      build/stm32f4xx_dma.o
DMA_Init                                          build/stm32f4xx_dma.o
DMA_MemoryTargetConfig                            build/stm32f4xx_dma.o
DMA_PeriphIncOffsetSizeConfig                     build/stm32f4xx_dma.o
DMA_SetCurrDataCounter                            build/stm32f4xx_dma.o
DMA_StructInit                                    build/stm32f4xx_dma.o
DebugMon_Handler                                  build/startup_stm32f40xx.o
Default_Handler                                   build/startup_stm32f40xx.o
ETH_IRQHandler                                    build/startup_stm32f40xx.o
ETH_WKUP_IRQHandler                               build/startup_stm32f40xx.o
EXTI0_IRQHandler                                  build/startup_stm32f40xx.o
EXTI15_10_IRQHandler                              build/startup_stm32f40xx.o
EXTI1_IRQHandler                                  build/startup_stm32f40xx.o
EXTI2_IRQHandler                                  build/startup_stm32f40xx.o
EXTI3_IRQHandler                                  build/startup_stm32f40xx.o
EXTI4_IRQHandler                                  build/startup_stm32f40xx.o
EXTI9_5_IRQHandler                                build/startup_stm32f40xx.o
EXTI_ClearFlag                                    build/stm32f4xx_exti.o
EXTI_ClearITPendingBit                            build/stm32f4xx_exti.o
EXTI_DeInit                                       build/stm32f4xx_exti.o
EXTI_GenerateSWInterrupt                          build/stm32f4xx_exti.o
EXTI_GetFlagStatus                                build/stm32f4xx_exti.o
EXTI_GetITStatus                                  build/stm32f4xx_exti.o
EXTI_Init                                         build/stm32f4xx_exti.o
EXTI_StructInit                                   build/stm32f4xx_exti.o
FLASH_ClearFlag                                   build/stm32f4xx_flash.o
FLASH_DataCacheCmd                                build/stm32f4xx_flash.o
FLASH_DataCacheReset                              build/stm32f4xx_flash.o
FLASH_EraseAllSectors                             build/stm32f4xx_flash.o
FLASH_EraseSector                                 build/stm32f4xx_flash.o
FLASH_GetFlagStatus                               build/stm32f4xx_flash.o
FLASH_GetStatus                                   build/stm32f4xx_flash.o
FLASH_IRQHandler                                  build/startup_stm32f40xx.o
FLASH_ITConfig                                    build/stm32f4xx_flash.o
FLASH_InstructionCacheCmd                         build/stm32f4xx_flash.o
FLASH_InstructionCacheReset                       build/stm32f4xx_flash.o
FLASH_Lock                                        build/stm32f4xx_flash.o
FLASH_OB_BORConfig                                build/stm32f4xx_flash.o
FLASH_OB_GetBOR                                   build/stm32f4xx_flash.o
FLASH_OB_GetRDP                                   build/stm32f4xx_flash.o
FLASH_OB_GetUser                                  build/stm32f4xx_flash.o
FLASH_OB_GetWRP                                   build/stm32f4xx_flash.o
FLASH_OB_Launch                                   build/stm32f4xx_flash.o
FLASH_OB_Lock                                     build/stm32f4xx_flash.o
FLASH_OB_RDPConfig                                build/stm32f4xx_flash.o
FLASH_OB_Unlock                                   build/stm32f4xx_flash.o
FLASH_OB_UserConfig                               build/stm32f4xx_flash.o
FLASH_OB_WRPConfig                                build/stm32f4xx_flash.o
FLASH_PrefetchBufferCmd                           build/stm32f4xx_flash.o
FLASH_ProgramByte                                 build/stm32f4xx_flash.o
FLASH_ProgramDoubleWord                           build/stm32f4xx_flash.o
FLASH_ProgramHalfWord                             build/stm32f4xx_flash.o
FLASH_ProgramWord                                 build/stm32f4xx_flash.o
FLASH_SetLatency                                  build/stm32f4xx_flash.o
FLASH_Unlock                                      build/stm32f4xx_flash.o
FLASH_WaitForLastOperation                        build/stm32f4xx_flash.o
FPU_IRQHandler                                    build/startup_stm32f40xx.o
FSMC_ClearFlag                                    build/stm32f4xx_fsmc.o
FSMC_ClearITPendingBit                            build/stm32f4xx_fsmc.o
FSMC_GetECC                                       build/stm32f4xx_fsmc.o
FSMC_GetFlagStatus                                build/stm32f4xx_fsmc.o
FSMC_GetITStatus                                  build/stm32f4xx_fsmc.o
FSMC_IRQHandler                                   build/startup_stm32f40xx.o
FSMC_ITConfig                                     build/stm32f4xx_fsmc.o
FSMC_NANDCmd                                      build/stm32f4xx_fsmc.o
FSMC_NANDDeInit                                   build/stm32f4xx_fsmc.o
FSMC_NANDECCCmd                                   build/stm32f4xx_fsmc.o
FSMC_NANDInit                                     build/stm32f4xx_fsmc.o
FSMC_NANDStructInit                               build/stm32f4xx_fsmc.o
FSMC_NORSRAMCmd                                   build/stm32f4xx_fsmc.o
FSMC_NORSRAMDeInit                                build/stm32f4xx_fsmc.o
FSMC_NORSRAMInit                                  build/stm32f4xx_fsmc.o
FSMC_NORSRAMStructInit                            build/stm32f4xx_fsmc.o
FSMC_PCCARDCmd                                    build/stm32f4xx_fsmc.o
FSMC_PCCARDDeInit                                 build/stm32f4xx_fsmc.o
FSMC_PCCARDInit                                   build/stm32f4xx_fsmc.o
FSMC_PCCARDStructInit                             build/stm32f4xx_fsmc.o
GPIO_DeInit                                       build/stm32f4xx_gpio.o
GPIO_Init                                         build/stm32f4xx_gpio.o
                                                  build/main.o
GPIO_PinAFConfig                                  build/stm32f4xx_gpio.o
GPIO_PinLockConfig                                build/stm32f4xx_gpio.o
GPIO_ReadInputData                                build/stm32f4xx_gpio.o
GPIO_ReadInputDataBit                             build/stm32f4xx_gpio.o
GPIO_ReadOutputData                               build/stm32f4xx_gpio.o
GPIO_ReadOutputDataBit                            build/stm32f4xx_gpio.o
GPIO_ResetBits                                    build/stm32f4xx_gpio.o
                                                  build/main.o
GPIO_SetBits                                      build/stm32f4xx_gpio.o
GPIO_StructInit                                   build/stm32f4xx_gpio.o
GPIO_ToggleBits                                   build/stm32f4xx_gpio.o
GPIO_Write                                        build/stm32f4xx_gpio.o
GPIO_WriteBit                                     build/stm32f4xx_gpio.o
HASH_ClearFlag                                    build/stm32f4xx_hash.o
HASH_ClearITPendingBit                            build/stm32f4xx_hash.o
HASH_DMACmd                                       build/stm32f4xx_hash.o
HASH_DataIn                                       build/stm32f4xx_hash.o
                                                  build/stm32f4xx_hash_sha1.o
                                                  build/stm32f4xx_hash_md5.o
HASH_DeInit                                       build/stm32f4xx_hash.o
                                                  build/stm32f4xx_hash_sha1.o
                                                  build/stm32f4xx_hash_md5.o
HASH_GetDigest                                    build/stm32f4xx_hash.o
                                                  build/stm32f4xx_hash_sha1.o
                                                  build/stm32f4xx_hash_md5.o
HASH_GetFlagStatus                                build/stm32f4xx_hash.o
                                                  build/stm32f4xx_hash_sha1.o
                                                  build/stm32f4xx_hash_md5.o
HASH_GetITStatus                                  build/stm32f4xx_hash.o
HASH_GetInFIFOWordsNbr                            build/stm32f4xx_hash.o
HASH_ITConfig                                     build/stm32f4xx_hash.o
HASH_Init                                         build/stm32f4xx_hash.o
                                                  build/stm32f4xx_hash_sha1.o
                                                  build/stm32f4xx_hash_md5.o
HASH_MD5                                          build/stm32f4xx_hash_md5.o
HASH_RNG_IRQHandler                               build/startup_stm32f40xx.o
HASH_Reset                                        build/stm32f4xx_hash.o
HASH_RestoreContext                               build/stm32f4xx_hash.o
HASH_SHA1                                         build/stm32f4xx_hash_sha1.o
HASH_SaveContext                                  build/stm32f4xx_hash.o
HASH_SetLastWordValidBitsNbr                      build/stm32f4xx_hash.o
                                                  build/stm32f4xx_hash_sha1.o
                                                  build/stm32f4xx_hash_md5.o
HASH_StartDigest                                  build/stm32f4xx_hash.o
                                                  build/stm32f4xx_hash_sha1.o
                                                  build/stm32f4xx_hash_md5.o
HASH_StructInit                                   build/stm32f4xx_hash.o
HMAC_MD5                                          build/stm32f4xx_hash_md5.o
HMAC_SHA1                                         build/stm32f4xx_hash_sha1.o
HardFault_Handler                                 build/startup_stm32f40xx.o
I2C1_ER_IRQHandler                                build/startup_stm32f40xx.o
I2C1_EV_IRQHandler                                build/startup_stm32f40xx.o
I2C2_ER_IRQHandler                                build/startup_stm32f40xx.o
I2C2_EV_IRQHandler                                build/startup_stm32f40xx.o
I2C3_ER_IRQHandler                                build/startup_stm32f40xx.o
I2C3_EV_IRQHandler                                build/startup_stm32f40xx.o
I2C_ARPCmd                                        build/stm32f4xx_i2c.o
I2C_AcknowledgeConfig                             build/stm32f4xx_i2c.o
I2C_CalculatePEC                                  build/stm32f4xx_i2c.o
I2C_CheckEvent                                    build/stm32f4xx_i2c.o
I2C_ClearFlag                                     build/stm32f4xx_i2c.o
I2C_ClearITPendingBit                             build/stm32f4xx_i2c.o
I2C_Cmd                                           build/stm32f4xx_i2c.o
I2C_DMACmd                                        build/stm32f4xx_i2c.o
I2C_DMALastTransferCmd                            build/stm32f4xx_i2c.o
I2C_DeInit                                        build/stm32f4xx_i2c.o
I2C_DualAddressCmd                                build/stm32f4xx_i2c.o
I2C_FastModeDutyCycleConfig                       build/stm32f4xx_i2c.o
I2C_GeneralCallCmd                                build/stm32f4xx_i2c.o
I2C_GenerateSTART                                 build/stm32f4xx_i2c.o
I2C_GenerateSTOP                                  build/stm32f4xx_i2c.o
I2C_GetFlagStatus                                 build/stm32f4xx_i2c.o
I2C_GetITStatus                                   build/stm32f4xx_i2c.o
I2C_GetLastEvent                                  build/stm32f4xx_i2c.o
I2C_GetPEC                                        build/stm32f4xx_i2c.o
I2C_ITConfig                                      build/stm32f4xx_i2c.o
I2C_Init                                          build/stm32f4xx_i2c.o
I2C_NACKPositionConfig                            build/stm32f4xx_i2c.o
I2C_OwnAddress2Config                             build/stm32f4xx_i2c.o
I2C_PECPositionConfig                             build/stm32f4xx_i2c.o
I2C_ReadRegister                                  build/stm32f4xx_i2c.o
I2C_ReceiveData                                   build/stm32f4xx_i2c.o
I2C_SMBusAlertConfig                              build/stm32f4xx_i2c.o
I2C_Send7bitAddress                               build/stm32f4xx_i2c.o
I2C_SendData                                      build/stm32f4xx_i2c.o
I2C_SoftwareResetCmd                              build/stm32f4xx_i2c.o
I2C_StretchClockCmd                               build/stm32f4xx_i2c.o
I2C_StructInit                                    build/stm32f4xx_i2c.o
I2C_TransmitPEC                                   build/stm32f4xx_i2c.o
I2S_Cmd                                           build/stm32f4xx_spi.o
I2S_FullDuplexConfig                              build/stm32f4xx_spi.o
I2S_Init                                          build/stm32f4xx_spi.o
I2S_StructInit                                    build/stm32f4xx_spi.o
IWDG_Enable                                       build/stm32f4xx_iwdg.o
IWDG_GetFlagStatus                                build/stm32f4xx_iwdg.o
IWDG_ReloadCounter                                build/stm32f4xx_iwdg.o
IWDG_SetPrescaler                                 build/stm32f4xx_iwdg.o
IWDG_SetReload                                    build/stm32f4xx_iwdg.o
IWDG_WriteAccessCmd                               build/stm32f4xx_iwdg.o
MemManage_Handler                                 build/startup_stm32f40xx.o
NMI_Handler                                       build/startup_stm32f40xx.o
NVIC_Init                                         build/misc.o
NVIC_PriorityGroupConfig                          build/misc.o
NVIC_SetVectorTable                               build/misc.o
NVIC_SystemLPConfig                               build/misc.o
OTG_FS_IRQHandler                                 build/startup_stm32f40xx.o
OTG_FS_WKUP_IRQHandler                            build/startup_stm32f40xx.o
OTG_HS_EP1_IN_IRQHandler                          build/startup_stm32f40xx.o
OTG_HS_EP1_OUT_IRQHandler                         build/startup_stm32f40xx.o
OTG_HS_IRQHandler                                 build/startup_stm32f40xx.o
OTG_HS_WKUP_IRQHandler                            build/startup_stm32f40xx.o
PVD_IRQHandler                                    build/startup_stm32f40xx.o
PWR_BackupAccessCmd                               build/stm32f4xx_pwr.o
PWR_BackupRegulatorCmd                            build/stm32f4xx_pwr.o
PWR_ClearFlag                                     build/stm32f4xx_pwr.o
PWR_DeInit                                        build/stm32f4xx_pwr.o
PWR_EnterSTANDBYMode                              build/stm32f4xx_pwr.o
PWR_EnterSTOPMode                                 build/stm32f4xx_pwr.o
PWR_FlashPowerDownCmd                             build/stm32f4xx_pwr.o
PWR_GetFlagStatus                                 build/stm32f4xx_pwr.o
PWR_MainRegulatorModeConfig                       build/stm32f4xx_pwr.o
PWR_PVDCmd                                        build/stm32f4xx_pwr.o
PWR_PVDLevelConfig                                build/stm32f4xx_pwr.o
PWR_WakeUpPinCmd                                  build/stm32f4xx_pwr.o
PendSV_Handler                                    build/startup_stm32f40xx.o
RCC_AHB1PeriphClockCmd                            build/stm32f4xx_rcc.o
                                                  build/main.o
RCC_AHB1PeriphClockLPModeCmd                      build/stm32f4xx_rcc.o
RCC_AHB1PeriphResetCmd                            build/stm32f4xx_rcc.o
                                                  build/stm32f4xx_gpio.o
RCC_AHB2PeriphClockCmd                            build/stm32f4xx_rcc.o
RCC_AHB2PeriphClockLPModeCmd                      build/stm32f4xx_rcc.o
RCC_AHB2PeriphResetCmd                            build/stm32f4xx_rcc.o
                                                  build/stm32f4xx_rng.o
                                                  build/stm32f4xx_hash.o
                                                  build/stm32f4xx_cryp.o
RCC_AHB3PeriphClockCmd                            build/stm32f4xx_rcc.o
RCC_AHB3PeriphClockLPModeCmd                      build/stm32f4xx_rcc.o
RCC_AHB3PeriphResetCmd                            build/stm32f4xx_rcc.o
RCC_APB1PeriphClockCmd                            build/stm32f4xx_rcc.o
RCC_APB1PeriphClockLPModeCmd                      build/stm32f4xx_rcc.o
RCC_APB1PeriphResetCmd                            build/stm32f4xx_rcc.o
                                                  build/stm32f4xx_wwdg.o
                                                  build/stm32f4xx_usart.o
                                                  build/stm32f4xx_tim.o
                                                  build/stm32f4xx_spi.o
                                                  build/stm32f4xx_pwr.o
                                                  build/stm32f4xx_i2c.o
                                                  build/stm32f4xx_dac.o
                                                  build/stm32f4xx_can.o
RCC_APB2PeriphClockCmd                            build/stm32f4xx_rcc.o
RCC_APB2PeriphClockLPModeCmd                      build/stm32f4xx_rcc.o
RCC_APB2PeriphResetCmd                            build/stm32f4xx_rcc.o
                                                  build/stm32f4xx_usart.o
                                                  build/stm32f4xx_tim.o
                                                  build/stm32f4xx_syscfg.o
                                                  build/stm32f4xx_spi.o
                                                  build/stm32f4xx_sdio.o
                                                  build/stm32f4xx_adc.o
RCC_AdjustHSICalibrationValue                     build/stm32f4xx_rcc.o
RCC_BackupResetCmd                                build/stm32f4xx_rcc.o
RCC_ClearFlag                                     build/stm32f4xx_rcc.o
RCC_ClearITPendingBit                             build/stm32f4xx_rcc.o
RCC_ClockSecuritySystemCmd                        build/stm32f4xx_rcc.o
RCC_DeInit                                        build/stm32f4xx_rcc.o
RCC_GetClocksFreq                                 build/stm32f4xx_rcc.o
                                                  build/stm32f4xx_usart.o
                                                  build/stm32f4xx_i2c.o
RCC_GetFlagStatus                                 build/stm32f4xx_rcc.o
RCC_GetITStatus                                   build/stm32f4xx_rcc.o
RCC_GetSYSCLKSource                               build/stm32f4xx_rcc.o
RCC_HCLKConfig                                    build/stm32f4xx_rcc.o
RCC_HSEConfig                                     build/stm32f4xx_rcc.o
RCC_HSICmd                                        build/stm32f4xx_rcc.o
RCC_I2SCLKConfig                                  build/stm32f4xx_rcc.o
RCC_IRQHandler                                    build/startup_stm32f40xx.o
RCC_ITConfig                                      build/stm32f4xx_rcc.o
RCC_LSEConfig                                     build/stm32f4xx_rcc.o
RCC_LSICmd                                        build/stm32f4xx_rcc.o
RCC_MCO1Config                                    build/stm32f4xx_rcc.o
RCC_MCO2Config                                    build/stm32f4xx_rcc.o
RCC_PCLK1Config                                   build/stm32f4xx_rcc.o
RCC_PCLK2Config                                   build/stm32f4xx_rcc.o
RCC_PLLCmd                                        build/stm32f4xx_rcc.o
RCC_PLLConfig                                     build/stm32f4xx_rcc.o
RCC_PLLI2SCmd                                     build/stm32f4xx_rcc.o
RCC_PLLI2SConfig                                  build/stm32f4xx_rcc.o
RCC_RTCCLKCmd                                     build/stm32f4xx_rcc.o
RCC_RTCCLKConfig                                  build/stm32f4xx_rcc.o
RCC_SYSCLKConfig                                  build/stm32f4xx_rcc.o
RCC_WaitForHSEStartUp                             build/stm32f4xx_rcc.o
RNG_ClearFlag                                     build/stm32f4xx_rng.o
RNG_ClearITPendingBit                             build/stm32f4xx_rng.o
RNG_Cmd                                           build/stm32f4xx_rng.o
RNG_DeInit                                        build/stm32f4xx_rng.o
RNG_GetFlagStatus                                 build/stm32f4xx_rng.o
RNG_GetITStatus                                   build/stm32f4xx_rng.o
RNG_GetRandomNumber                               build/stm32f4xx_rng.o
RNG_ITConfig                                      build/stm32f4xx_rng.o
RTC_AlarmCmd                                      build/stm32f4xx_rtc.o
RTC_AlarmStructInit                               build/stm32f4xx_rtc.o
RTC_AlarmSubSecondConfig                          build/stm32f4xx_rtc.o
RTC_Alarm_IRQHandler                              build/startup_stm32f40xx.o
RTC_BypassShadowCmd                               build/stm32f4xx_rtc.o
RTC_CalibOutputCmd                                build/stm32f4xx_rtc.o
RTC_CalibOutputConfig                             build/stm32f4xx_rtc.o
RTC_ClearFlag                                     build/stm32f4xx_rtc.o
RTC_ClearITPendingBit                             build/stm32f4xx_rtc.o
RTC_CoarseCalibCmd                                build/stm32f4xx_rtc.o
RTC_CoarseCalibConfig                             build/stm32f4xx_rtc.o
RTC_DateStructInit                                build/stm32f4xx_rtc.o
RTC_DayLightSavingConfig                          build/stm32f4xx_rtc.o
RTC_DeInit                                        build/stm32f4xx_rtc.o
RTC_EnterInitMode                                 build/stm32f4xx_rtc.o
RTC_ExitInitMode                                  build/stm32f4xx_rtc.o
RTC_GetAlarm                                      build/stm32f4xx_rtc.o
RTC_GetAlarmSubSecond                             build/stm32f4xx_rtc.o
RTC_GetDate                                       build/stm32f4xx_rtc.o
RTC_GetFlagStatus                                 build/stm32f4xx_rtc.o
RTC_GetITStatus                                   build/stm32f4xx_rtc.o
RTC_GetStoreOperation                             build/stm32f4xx_rtc.o
RTC_GetSubSecond                                  build/stm32f4xx_rtc.o
RTC_GetTime                                       build/stm32f4xx_rtc.o
RTC_GetTimeStamp                                  build/stm32f4xx_rtc.o
RTC_GetTimeStampSubSecond                         build/stm32f4xx_rtc.o
RTC_GetWakeUpCounter                              build/stm32f4xx_rtc.o
RTC_ITConfig                                      build/stm32f4xx_rtc.o
RTC_Init                                          build/stm32f4xx_rtc.o
RTC_OutputConfig                                  build/stm32f4xx_rtc.o
RTC_OutputTypeConfig                              build/stm32f4xx_rtc.o
RTC_ReadBackupRegister                            build/stm32f4xx_rtc.o
RTC_RefClockCmd                                   build/stm32f4xx_rtc.o
RTC_SetAlarm                                      build/stm32f4xx_rtc.o
RTC_SetDate                                       build/stm32f4xx_rtc.o
RTC_SetTime                                       build/stm32f4xx_rtc.o
RTC_SetWakeUpCounter                              build/stm32f4xx_rtc.o
RTC_SmoothCalibConfig                             build/stm32f4xx_rtc.o
RTC_StructInit                                    build/stm32f4xx_rtc.o
RTC_SynchroShiftConfig                            build/stm32f4xx_rtc.o
RTC_TamperCmd                                     build/stm32f4xx_rtc.o
RTC_TamperFilterConfig                            build/stm32f4xx_rtc.o
RTC_TamperPinSelection                            build/stm32f4xx_rtc.o
RTC_TamperPinsPrechargeDuration                   build/stm32f4xx_rtc.o
RTC_TamperPullUpCmd                               build/stm32f4xx_rtc.o
RTC_TamperSamplingFreqConfig                      build/stm32f4xx_rtc.o
RTC_TamperTriggerConfig                           build/stm32f4xx_rtc.o
RTC_TimeStampCmd                                  build/stm32f4xx_rtc.o
RTC_TimeStampOnTamperDetectionCmd                 build/stm32f4xx_rtc.o
RTC_TimeStampPinSelection                         build/stm32f4xx_rtc.o
RTC_TimeStructInit                                build/stm32f4xx_rtc.o
RTC_WKUP_IRQHandler                               build/startup_stm32f40xx.o
RTC_WaitForSynchro                                build/stm32f4xx_rtc.o
RTC_WakeUpClockConfig                             build/stm32f4xx_rtc.o
RTC_WakeUpCmd                                     build/stm32f4xx_rtc.o
RTC_WriteBackupRegister                           build/stm32f4xx_rtc.o
RTC_WriteProtectionCmd                            build/stm32f4xx_rtc.o
Reset_Handler                                     build/startup_stm32f40xx.o
SDIO_CEATAITCmd                                   build/stm32f4xx_sdio.o
SDIO_ClearFlag                                    build/stm32f4xx_sdio.o
SDIO_ClearITPendingBit                            build/stm32f4xx_sdio.o
SDIO_ClockCmd                                     build/stm32f4xx_sdio.o
SDIO_CmdStructInit                                build/stm32f4xx_sdio.o
SDIO_CommandCompletionCmd                         build/stm32f4xx_sdio.o
SDIO_DMACmd                                       build/stm32f4xx_sdio.o
SDIO_DataConfig                                   build/stm32f4xx_sdio.o
SDIO_DataStructInit                               build/stm32f4xx_sdio.o
SDIO_DeInit                                       build/stm32f4xx_sdio.o
SDIO_GetCommandResponse                           build/stm32f4xx_sdio.o
SDIO_GetDataCounter                               build/stm32f4xx_sdio.o
SDIO_GetFIFOCount                                 build/stm32f4xx_sdio.o
SDIO_GetFlagStatus                                build/stm32f4xx_sdio.o
SDIO_GetITStatus                                  build/stm32f4xx_sdio.o
SDIO_GetPowerState                                build/stm32f4xx_sdio.o
SDIO_GetResponse                                  build/stm32f4xx_sdio.o
SDIO_IRQHandler                                   build/startup_stm32f40xx.o
SDIO_ITConfig                                     build/stm32f4xx_sdio.o
SDIO_Init                                         build/stm32f4xx_sdio.o
SDIO_ReadData                                     build/stm32f4xx_sdio.o
SDIO_SendCEATACmd                                 build/stm32f4xx_sdio.o
SDIO_SendCommand                                  build/stm32f4xx_sdio.o
SDIO_SendSDIOSuspendCmd                           build/stm32f4xx_sdio.o
SDIO_SetPowerState                                build/stm32f4xx_sdio.o
SDIO_SetSDIOOperation                             build/stm32f4xx_sdio.o
SDIO_SetSDIOReadWaitMode                          build/stm32f4xx_sdio.o
SDIO_StartSDIOReadWait                            build/stm32f4xx_sdio.o
SDIO_StopSDIOReadWait                             build/stm32f4xx_sdio.o
SDIO_StructInit                                   build/stm32f4xx_sdio.o
SDIO_WriteData                                    build/stm32f4xx_sdio.o
SPI1_IRQHandler                                   build/startup_stm32f40xx.o
SPI2_IRQHandler                                   build/startup_stm32f40xx.o
SPI3_IRQHandler                                   build/startup_stm32f40xx.o
SPI_BiDirectionalLineConfig                       build/stm32f4xx_spi.o
SPI_CalculateCRC                                  build/stm32f4xx_spi.o
SPI_Cmd                                           build/stm32f4xx_spi.o
SPI_DataSizeConfig                                build/stm32f4xx_spi.o
SPI_GetCRC                                        build/stm32f4xx_spi.o
SPI_GetCRCPolynomial                              build/stm32f4xx_spi.o
SPI_I2S_ClearFlag                                 build/stm32f4xx_spi.o
SPI_I2S_ClearITPendingBit                         build/stm32f4xx_spi.o
SPI_I2S_DMACmd                                    build/stm32f4xx_spi.o
SPI_I2S_DeInit                                    build/stm32f4xx_spi.o
SPI_I2S_GetFlagStatus                             build/stm32f4xx_spi.o
SPI_I2S_GetITStatus                               build/stm32f4xx_spi.o
SPI_I2S_ITConfig                                  build/stm32f4xx_spi.o
SPI_I2S_ReceiveData                               build/stm32f4xx_spi.o
SPI_I2S_SendData                                  build/stm32f4xx_spi.o
SPI_Init                                          build/stm32f4xx_spi.o
SPI_NSSInternalSoftwareConfig                     build/stm32f4xx_spi.o
SPI_SSOutputCmd                                   build/stm32f4xx_spi.o
SPI_StructInit                                    build/stm32f4xx_spi.o
SPI_TIModeCmd                                     build/stm32f4xx_spi.o
SPI_TransmitCRC                                   build/stm32f4xx_spi.o
SVC_Handler                                       build/startup_stm32f40xx.o
SYSCFG_CompensationCellCmd                        build/stm32f4xx_syscfg.o
SYSCFG_DeInit                                     build/stm32f4xx_syscfg.o
SYSCFG_ETH_MediaInterfaceConfig                   build/stm32f4xx_syscfg.o
SYSCFG_EXTILineConfig                             build/stm32f4xx_syscfg.o
SYSCFG_GetCompensationCellStatus                  build/stm32f4xx_syscfg.o
SYSCFG_MemoryRemapConfig                          build/stm32f4xx_syscfg.o
SysTick_CLKSourceConfig                           build/misc.o
SysTick_Handler                                   build/startup_stm32f40xx.o
SystemCoreClock                                   build/system_stm32f4xx.o
SystemCoreClockUpdate                             build/system_stm32f4xx.o
SystemInit                                        build/system_stm32f4xx.o
                                                  build/startup_stm32f40xx.o
TAMP_STAMP_IRQHandler                             build/startup_stm32f40xx.o
TIM1_BRK_TIM9_IRQHandler                          build/startup_stm32f40xx.o
TIM1_CC_IRQHandler                                build/startup_stm32f40xx.o
TIM1_TRG_COM_TIM11_IRQHandler                     build/startup_stm32f40xx.o
TIM1_UP_TIM10_IRQHandler                          build/startup_stm32f40xx.o
TIM2_IRQHandler                                   build/startup_stm32f40xx.o
TIM3_IRQHandler                                   build/startup_stm32f40xx.o
TIM4_IRQHandler                                   build/startup_stm32f40xx.o
TIM5_IRQHandler                                   build/startup_stm32f40xx.o
TIM6_DAC_IRQHandler                               build/startup_stm32f40xx.o
TIM7_IRQHandler                                   build/startup_stm32f40xx.o
TIM8_BRK_TIM12_IRQHandler                         build/startup_stm32f40xx.o
TIM8_CC_IRQHandler                                build/startup_stm32f40xx.o
TIM8_TRG_COM_TIM14_IRQHandler                     build/startup_stm32f40xx.o
TIM8_UP_TIM13_IRQHandler                          build/startup_stm32f40xx.o
TIM_ARRPreloadConfig                              build/stm32f4xx_tim.o
TIM_BDTRConfig                                    build/stm32f4xx_tim.o
TIM_BDTRStructInit                                build/stm32f4xx_tim.o
TIM_CCPreloadControl                              build/stm32f4xx_tim.o
TIM_CCxCmd                                        build/stm32f4xx_tim.o
TIM_CCxNCmd                                       build/stm32f4xx_tim.o
TIM_ClearFlag                                     build/stm32f4xx_tim.o
TIM_ClearITPendingBit                             build/stm32f4xx_tim.o
TIM_ClearOC1Ref                                   build/stm32f4xx_tim.o
TIM_ClearOC2Ref                                   build/stm32f4xx_tim.o
TIM_ClearOC3Ref                                   build/stm32f4xx_tim.o
TIM_ClearOC4Ref                                   build/stm32f4xx_tim.o
TIM_Cmd                                           build/stm32f4xx_tim.o
TIM_CounterModeConfig                             build/stm32f4xx_tim.o
TIM_CtrlPWMOutputs                                build/stm32f4xx_tim.o
TIM_DMACmd                                        build/stm32f4xx_tim.o
TIM_DMAConfig                                     build/stm32f4xx_tim.o
TIM_DeInit                                        build/stm32f4xx_tim.o
TIM_ETRClockMode1Config                           build/stm32f4xx_tim.o
TIM_ETRClockMode2Config                           build/stm32f4xx_tim.o
TIM_ETRConfig                                     build/stm32f4xx_tim.o
TIM_EncoderInterfaceConfig                        build/stm32f4xx_tim.o
TIM_ForcedOC1Config                               build/stm32f4xx_tim.o
TIM_ForcedOC2Config                               build/stm32f4xx_tim.o
TIM_ForcedOC3Config                               build/stm32f4xx_tim.o
TIM_ForcedOC4Config                               build/stm32f4xx_tim.o
TIM_GenerateEvent                                 build/stm32f4xx_tim.o
TIM_GetCapture1                                   build/stm32f4xx_tim.o
TIM_GetCapture2                                   build/stm32f4xx_tim.o
TIM_GetCapture3                                   build/stm32f4xx_tim.o
TIM_GetCapture4                                   build/stm32f4xx_tim.o
TIM_GetCounter                                    build/stm32f4xx_tim.o
TIM_GetFlagStatus                                 build/stm32f4xx_tim.o
TIM_GetITStatus                                   build/stm32f4xx_tim.o
TIM_GetPrescaler                                  build/stm32f4xx_tim.o
TIM_ICInit                                        build/stm32f4xx_tim.o
TIM_ICStructInit                                  build/stm32f4xx_tim.o
TIM_ITConfig                                      build/stm32f4xx_tim.o
TIM_ITRxExternalClockConfig                       build/stm32f4xx_tim.o
TIM_InternalClockConfig                           build/stm32f4xx_tim.o
TIM_OC1FastConfig                                 build/stm32f4xx_tim.o
TIM_OC1Init                                       build/stm32f4xx_tim.o
TIM_OC1NPolarityConfig                            build/stm32f4xx_tim.o
TIM_OC1PolarityConfig                             build/stm32f4xx_tim.o
TIM_OC1PreloadConfig                              build/stm32f4xx_tim.o
TIM_OC2FastConfig                                 build/stm32f4xx_tim.o
TIM_OC2Init                                       build/stm32f4xx_tim.o
TIM_OC2NPolarityConfig                            build/stm32f4xx_tim.o
TIM_OC2PolarityConfig                             build/stm32f4xx_tim.o
TIM_OC2PreloadConfig                              build/stm32f4xx_tim.o
TIM_OC3FastConfig                                 build/stm32f4xx_tim.o
TIM_OC3Init                                       build/stm32f4xx_tim.o
TIM_OC3NPolarityConfig                            build/stm32f4xx_tim.o
TIM_OC3PolarityConfig                             build/stm32f4xx_tim.o
TIM_OC3PreloadConfig                              build/stm32f4xx_tim.o
TIM_OC4FastConfig                                 build/stm32f4xx_tim.o
TIM_OC4Init                                       build/stm32f4xx_tim.o
TIM_OC4PolarityConfig                             build/stm32f4xx_tim.o
TIM_OC4PreloadConfig                              build/stm32f4xx_tim.o
TIM_OCStructInit                                  build/stm32f4xx_tim.o
TIM_PWMIConfig                                    build/stm32f4xx_tim.o
TIM_PrescalerConfig                               build/stm32f4xx_tim.o
TIM_RemapConfig                                   build/stm32f4xx_tim.o
TIM_SelectCCDMA                                   build/stm32f4xx_tim.o
TIM_SelectCOM                                     build/stm32f4xx_tim.o
TIM_SelectHallSensor                              build/stm32f4xx_tim.o
TIM_SelectInputTrigger                            build/stm32f4xx_tim.o
TIM_SelectMasterSlaveMode                         build/stm32f4xx_tim.o
TIM_SelectOCxM                                    build/stm32f4xx_tim.o
TIM_SelectOnePulseMode                            build/stm32f4xx_tim.o
TIM_SelectOutputTrigger                           build/stm32f4xx_tim.o
TIM_SelectSlaveMode                               build/stm32f4xx_tim.o
TIM_SetAutoreload                                 build/stm32f4xx_tim.o
TIM_SetClockDivision                              build/stm32f4xx_tim.o
TIM_SetCompare1                                   build/stm32f4xx_tim.o
TIM_SetCompare2                                   build/stm32f4xx_tim.o
TIM_SetCompare3                                   build/stm32f4xx_tim.o
TIM_SetCompare4                                   build/stm32f4xx_tim.o
TIM_SetCounter                                    build/stm32f4xx_tim.o
TIM_SetIC1Prescaler                               build/stm32f4xx_tim.o
TIM_SetIC2Prescaler                               build/stm32f4xx_tim.o
TIM_SetIC3Prescaler                               build/stm32f4xx_tim.o
TIM_SetIC4Prescaler                               build/stm32f4xx_tim.o
TIM_TIxExternalClockConfig                        build/stm32f4xx_tim.o
TIM_TimeBaseInit                                  build/stm32f4xx_tim.o
TIM_TimeBaseStructInit                            build/stm32f4xx_tim.o
TIM_UpdateDisableConfig                           build/stm32f4xx_tim.o
TIM_UpdateRequestConfig                           build/stm32f4xx_tim.o
UART4_IRQHandler                                  build/startup_stm32f40xx.o
UART5_IRQHandler                                  build/startup_stm32f40xx.o
USART1_IRQHandler                                 build/startup_stm32f40xx.o
USART2_IRQHandler                                 build/startup_stm32f40xx.o
USART3_IRQHandler                                 build/startup_stm32f40xx.o
USART6_IRQHandler                                 build/startup_stm32f40xx.o
USART_ClearFlag                                   build/stm32f4xx_usart.o
USART_ClearITPendingBit                           build/stm32f4xx_usart.o
USART_ClockInit                                   build/stm32f4xx_usart.o
USART_ClockStructInit                             build/stm32f4xx_usart.o
USART_Cmd                                         build/stm32f4xx_usart.o
USART_DMACmd                                      build/stm32f4xx_usart.o
USART_DeInit                                      build/stm32f4xx_usart.o
USART_GetFlagStatus                               build/stm32f4xx_usart.o
USART_GetITStatus                                 build/stm32f4xx_usart.o
USART_HalfDuplexCmd                               build/stm32f4xx_usart.o
USART_ITConfig                                    build/stm32f4xx_usart.o
USART_Init                                        build/stm32f4xx_usart.o
USART_IrDACmd                                     build/stm32f4xx_usart.o
USART_IrDAConfig                                  build/stm32f4xx_usart.o
USART_LINBreakDetectLengthConfig                  build/stm32f4xx_usart.o
USART_LINCmd                                      build/stm32f4xx_usart.o
USART_OneBitMethodCmd                             build/stm32f4xx_usart.o
USART_OverSampling8Cmd                            build/stm32f4xx_usart.o
USART_ReceiveData                                 build/stm32f4xx_usart.o
USART_ReceiverWakeUpCmd                           build/stm32f4xx_usart.o
USART_SendBreak                                   build/stm32f4xx_usart.o
USART_SendData                                    build/stm32f4xx_usart.o
USART_SetAddress                                  build/stm32f4xx_usart.o
USART_SetGuardTime                                build/stm32f4xx_usart.o
USART_SetPrescaler                                build/stm32f4xx_usart.o
USART_SmartCardCmd                                build/stm32f4xx_usart.o
USART_SmartCardNACKCmd                            build/stm32f4xx_usart.o
USART_StructInit                                  build/stm32f4xx_usart.o
USART_WakeUpConfig                                build/stm32f4xx_usart.o
UsageFault_Handler                                build/startup_stm32f40xx.o
WWDG_ClearFlag                                    build/stm32f4xx_wwdg.o
WWDG_DeInit                                       build/stm32f4xx_wwdg.o
WWDG_Enable                                       build/stm32f4xx_wwdg.o
WWDG_EnableIT                                     build/stm32f4xx_wwdg.o
WWDG_GetFlagStatus                                build/stm32f4xx_wwdg.o
WWDG_IRQHandler                                   build/startup_stm32f40xx.o
WWDG_SetCounter                                   build/stm32f4xx_wwdg.o
WWDG_SetPrescaler                                 build/stm32f4xx_wwdg.o
WWDG_SetWindowValue                               build/stm32f4xx_wwdg.o
_Jv_RegisterClasses                               /usr/local/Cellar/gcc-arm-none-eabi/20150925/bin/../lib/gcc/arm-none-eabi/4.9.3/armv7e-m/fpu/crtbegin.o
__bss_end__                                       /usr/local/Cellar/gcc-arm-none-eabi/20150925/bin/../lib/gcc/arm-none-eabi/4.9.3/../../../../arm-none-eabi/lib/armv7e-m/fpu/crt0.o
__bss_start__                                     /usr/local/Cellar/gcc-arm-none-eabi/20150925/bin/../lib/gcc/arm-none-eabi/4.9.3/../../../../arm-none-eabi/lib/armv7e-m/fpu/crt0.o
__call_exitprocs                                  /usr/local/Cellar/gcc-arm-none-eabi/20150925/bin/../lib/gcc/arm-none-eabi/4.9.3/../../../../arm-none-eabi/lib/armv7e-m/fpu/libc_nano.a(lib_a-exit.o)
__deregister_frame_info                           /usr/local/Cellar/gcc-arm-none-eabi/20150925/bin/../lib/gcc/arm-none-eabi/4.9.3/armv7e-m/fpu/crtbegin.o
__dso_handle                                      /usr/local/Cellar/gcc-arm-none-eabi/20150925/bin/../lib/gcc/arm-none-eabi/4.9.3/armv7e-m/fpu/crtbegin.o
__init_array_end                                  /usr/local/Cellar/gcc-arm-none-eabi/20150925/bin/../lib/gcc/arm-none-eabi/4.9.3/../../../../arm-none-eabi/lib/armv7e-m/fpu/libc_nano.a(lib_a-init.o)
__init_array_start                                /usr/local/Cellar/gcc-arm-none-eabi/20150925/bin/../lib/gcc/arm-none-eabi/4.9.3/../../../../arm-none-eabi/lib/armv7e-m/fpu/libc_nano.a(lib_a-init.o)
__libc_fini_array                                 /usr/local/Cellar/gcc-arm-none-eabi/20150925/bin/../lib/gcc/arm-none-eabi/4.9.3/../../../../arm-none-eabi/lib/armv7e-m/fpu/crt0.o
__libc_init_array                                 /usr/local/Cellar/gcc-arm-none-eabi/20150925/bin/../lib/gcc/arm-none-eabi/4.9.3/../../../../arm-none-eabi/lib/armv7e-m/fpu/libc_nano.a(lib_a-init.o)
                                                  /usr/local/Cellar/gcc-arm-none-eabi/20150925/bin/../lib/gcc/arm-none-eabi/4.9.3/../../../../arm-none-eabi/lib/armv7e-m/fpu/crt0.o
__preinit_array_end                               /usr/local/Cellar/gcc-arm-none-eabi/20150925/bin/../lib/gcc/arm-none-eabi/4.9.3/../../../../arm-none-eabi/lib/armv7e-m/fpu/libc_nano.a(lib_a-init.o)
__preinit_array_start                             /usr/local/Cellar/gcc-arm-none-eabi/20150925/bin/../lib/gcc/arm-none-eabi/4.9.3/../../../../arm-none-eabi/lib/armv7e-m/fpu/libc_nano.a(lib_a-init.o)
__register_frame_info                             /usr/local/Cellar/gcc-arm-none-eabi/20150925/bin/../lib/gcc/arm-none-eabi/4.9.3/armv7e-m/fpu/crtbegin.o
__sf_fake_stderr                                  /usr/local/Cellar/gcc-arm-none-eabi/20150925/bin/../lib/gcc/arm-none-eabi/4.9.3/../../../../arm-none-eabi/lib/armv7e-m/fpu/libc_nano.a(lib_a-impure.o)
__sf_fake_stdin                                   /usr/local/Cellar/gcc-arm-none-eabi/20150925/bin/../lib/gcc/arm-none-eabi/4.9.3/../../../../arm-none-eabi/lib/armv7e-m/fpu/libc_nano.a(lib_a-impure.o)
__sf_fake_stdout                                  /usr/local/Cellar/gcc-arm-none-eabi/20150925/bin/../lib/gcc/arm-none-eabi/4.9.3/../../../../arm-none-eabi/lib/armv7e-m/fpu/libc_nano.a(lib_a-impure.o)
__stack                                           /usr/local/Cellar/gcc-arm-none-eabi/20150925/bin/../lib/gcc/arm-none-eabi/4.9.3/../../../../arm-none-eabi/lib/armv7e-m/fpu/crt0.o
_ebss                                             build/startup_stm32f40xx.o
_edata                                            build/startup_stm32f40xx.o
_estack                                           build/startup_stm32f40xx.o
_exit                                             /usr/local/Cellar/gcc-arm-none-eabi/20150925/bin/../lib/gcc/arm-none-eabi/4.9.3/../../../../arm-none-eabi/lib/armv7e-m/fpu/libc_nano.a(lib_a-exit.o)
_fini                                             /usr/local/Cellar/gcc-arm-none-eabi/20150925/bin/../lib/gcc/arm-none-eabi/4.9.3/armv7e-m/fpu/crti.o
_global_impure_ptr                                /usr/local/Cellar/gcc-arm-none-eabi/20150925/bin/../lib/gcc/arm-none-eabi/4.9.3/../../../../arm-none-eabi/lib/armv7e-m/fpu/libc_nano.a(lib_a-impure.o)
                                                  /usr/local/Cellar/gcc-arm-none-eabi/20150925/bin/../lib/gcc/arm-none-eabi/4.9.3/../../../../arm-none-eabi/lib/armv7e-m/fpu/libc_nano.a(lib_a-exit.o)
_impure_ptr                                       /usr/local/Cellar/gcc-arm-none-eabi/20150925/bin/../lib/gcc/arm-none-eabi/4.9.3/../../../../arm-none-eabi/lib/armv7e-m/fpu/libc_nano.a(lib_a-impure.o)
_init                                             /usr/local/Cellar/gcc-arm-none-eabi/20150925/bin/../lib/gcc/arm-none-eabi/4.9.3/armv7e-m/fpu/crti.o
                                                  /usr/local/Cellar/gcc-arm-none-eabi/20150925/bin/../lib/gcc/arm-none-eabi/4.9.3/../../../../arm-none-eabi/lib/armv7e-m/fpu/libc_nano.a(lib_a-init.o)
_mainCRTStartup                                   /usr/local/Cellar/gcc-arm-none-eabi/20150925/bin/../lib/gcc/arm-none-eabi/4.9.3/../../../../arm-none-eabi/lib/armv7e-m/fpu/crt0.o
_sbss                                             build/startup_stm32f40xx.o
_sdata                                            build/startup_stm32f40xx.o
_sidata                                           build/startup_stm32f40xx.o
_start                                            /usr/local/Cellar/gcc-arm-none-eabi/20150925/bin/../lib/gcc/arm-none-eabi/4.9.3/../../../../arm-none-eabi/lib/armv7e-m/fpu/crt0.o
atexit                                            /usr/local/Cellar/gcc-arm-none-eabi/20150925/bin/../lib/gcc/arm-none-eabi/4.9.3/../../../../arm-none-eabi/lib/armv7e-m/fpu/crt0.o
exit                                              /usr/local/Cellar/gcc-arm-none-eabi/20150925/bin/../lib/gcc/arm-none-eabi/4.9.3/../../../../arm-none-eabi/lib/armv7e-m/fpu/libc_nano.a(lib_a-exit.o)
                                                  /usr/local/Cellar/gcc-arm-none-eabi/20150925/bin/../lib/gcc/arm-none-eabi/4.9.3/../../../../arm-none-eabi/lib/armv7e-m/fpu/crt0.o
g_pfnVectors                                      build/startup_stm32f40xx.o
hardware_init_hook                                /usr/local/Cellar/gcc-arm-none-eabi/20150925/bin/../lib/gcc/arm-none-eabi/4.9.3/../../../../arm-none-eabi/lib/armv7e-m/fpu/crt0.o
main                                              build/main.o
                                                  build/startup_stm32f40xx.o
                                                  /usr/local/Cellar/gcc-arm-none-eabi/20150925/bin/../lib/gcc/arm-none-eabi/4.9.3/../../../../arm-none-eabi/lib/armv7e-m/fpu/crt0.o
memset                                            /usr/local/Cellar/gcc-arm-none-eabi/20150925/bin/../lib/gcc/arm-none-eabi/4.9.3/../../../../arm-none-eabi/lib/armv7e-m/fpu/libc_nano.a(lib_a-memset.o)
                                                  /usr/local/Cellar/gcc-arm-none-eabi/20150925/bin/../lib/gcc/arm-none-eabi/4.9.3/../../../../arm-none-eabi/lib/armv7e-m/fpu/crt0.o
software_init_hook                                /usr/local/Cellar/gcc-arm-none-eabi/20150925/bin/../lib/gcc/arm-none-eabi/4.9.3/../../../../arm-none-eabi/lib/armv7e-m/fpu/crt0.o
